------------------------------------------------------------
Timing Analyzer Summary
------------------------------------------------------------

Type  : Slow 1200mV 85C Model Setup 'ip_pll0|altpll_component|auto_generated|pll1|clk[1]'
Slack : 14.636
TNS   : 0.000

Type  : Slow 1200mV 85C Model Setup 'ip_pll0|altpll_component|auto_generated|pll1|clk[0]'
Slack : 20.495
TNS   : 0.000

Type  : Slow 1200mV 85C Model Hold 'ip_pll0|altpll_component|auto_generated|pll1|clk[1]'
Slack : 0.381
TNS   : 0.000

Type  : Slow 1200mV 85C Model Hold 'ip_pll0|altpll_component|auto_generated|pll1|clk[0]'
Slack : 0.454
TNS   : 0.000

Type  : Slow 1200mV 85C Model Minimum Pulse Width 'ip_pll0|altpll_component|auto_generated|pll1|clk[0]'
Slack : 24.650
TNS   : 0.000

Type  : Slow 1200mV 85C Model Minimum Pulse Width 'clk'
Slack : 41.588
TNS   : 0.000

Type  : Slow 1200mV 85C Model Minimum Pulse Width 'ip_pll0|altpll_component|auto_generated|pll1|clk[1]'
Slack : 49.476
TNS   : 0.000

Type  : Slow 1200mV 0C Model Setup 'ip_pll0|altpll_component|auto_generated|pll1|clk[1]'
Slack : 16.427
TNS   : 0.000

Type  : Slow 1200mV 0C Model Setup 'ip_pll0|altpll_component|auto_generated|pll1|clk[0]'
Slack : 22.130
TNS   : 0.000

Type  : Slow 1200mV 0C Model Hold 'ip_pll0|altpll_component|auto_generated|pll1|clk[1]'
Slack : 0.364
TNS   : 0.000

Type  : Slow 1200mV 0C Model Hold 'ip_pll0|altpll_component|auto_generated|pll1|clk[0]'
Slack : 0.402
TNS   : 0.000

Type  : Slow 1200mV 0C Model Minimum Pulse Width 'ip_pll0|altpll_component|auto_generated|pll1|clk[0]'
Slack : 24.655
TNS   : 0.000

Type  : Slow 1200mV 0C Model Minimum Pulse Width 'clk'
Slack : 41.600
TNS   : 0.000

Type  : Slow 1200mV 0C Model Minimum Pulse Width 'ip_pll0|altpll_component|auto_generated|pll1|clk[1]'
Slack : 49.495
TNS   : 0.000

Type  : Fast 1200mV 0C Model Setup 'ip_pll0|altpll_component|auto_generated|pll1|clk[1]'
Slack : 34.140
TNS   : 0.000

Type  : Fast 1200mV 0C Model Setup 'ip_pll0|altpll_component|auto_generated|pll1|clk[0]'
Slack : 37.128
TNS   : 0.000

Type  : Fast 1200mV 0C Model Hold 'ip_pll0|altpll_component|auto_generated|pll1|clk[1]'
Slack : 0.133
TNS   : 0.000

Type  : Fast 1200mV 0C Model Hold 'ip_pll0|altpll_component|auto_generated|pll1|clk[0]'
Slack : 0.187
TNS   : 0.000

Type  : Fast 1200mV 0C Model Minimum Pulse Width 'ip_pll0|altpll_component|auto_generated|pll1|clk[0]'
Slack : 24.717
TNS   : 0.000

Type  : Fast 1200mV 0C Model Minimum Pulse Width 'clk'
Slack : 41.251
TNS   : 0.000

Type  : Fast 1200mV 0C Model Minimum Pulse Width 'ip_pll0|altpll_component|auto_generated|pll1|clk[1]'
Slack : 49.717
TNS   : 0.000

------------------------------------------------------------
